// Jest Snapshot v1, https://goo.gl/fbAQLP

exports[`TalariaQueryError matches snapshot 1`] = `
<div
  className="talaria-query-error"
>
  <p
    className="error-message-text"
  >
    TooManyBuckets: 
    Too many partition buckets (max = 10,000); try breaking your query up into smaller queries or using a wider segmentGranularity
     
    <span
      className="stack-trace"
      onClick={[Function]}
    >
      (Stack trace)
    </span>
  </p>
  <p>
    Failed task ID: 
    <Memo(ClickToCopy)
      text="talaria1_kttm_naobfgjd_2021-12-03T23:16:15.269Z"
    />
     
    On host: 
    <Memo(ClickToCopy)
      text="ip-10-3-228-20.ec2.internal:8100"
    />
     
    Debug:
     
    <span
      className="download-infopack"
      onClick={[Function]}
    >
      download query profile
    </span>
  </p>
</div>
`;
