LogicalInsert(target=[dst], partitionedBy=[AllGranularity], clusteredBy=[<none>])
  LogicalProject(inputs=[0..2])
    ExternalTableScan(dataSource=[{"type":"external","inputSource":{"type":"s3","uris":["s3://foo/bar/file.csv"]},"inputFormat":{"type":"json","keepNullColumns":false,"assumeNewlineDelimited":false,"useJsonNodeReader":false},"signature":[{"name":"x","type":"STRING"},{"name":"y","type":"STRING"},{"name":"z","type":"LONG"}]}])
